// Jest Snapshot v1, https://goo.gl/fbAQLP

exports[`Get company info by id api call should get company details by id 1`] = `
Object {
  "headers": Object {
    "accept": "application/json",
    "host": "api.overheid.io",
    "ovio-api-key": "839b42dc7512d64aa8b5c2896353b34b9e4dff65fb5df71a9ccae30edf7cec00",
  },
  "method": "GET",
  "uri": Object {
    "auth": null,
    "hash": null,
    "host": "api.overheid.io",
    "hostname": "api.overheid.io",
    "href": "https://api.overheid.io/openkvk/42",
    "path": "/openkvk/42",
    "pathname": "/openkvk/42",
    "port": 443,
    "protocol": "https:",
    "query": null,
    "search": null,
    "slashes": true,
  },
}
`;
