// Jest Snapshot v1, https://goo.gl/fbAQLP

exports[`Checks if company is active should return error if body is not valid 1`] = `[Error: no response from openKvk]`;

exports[`Checks if company is active should return error if missing active information 1`] = `[Error: missing activity information]`;
